🚀 Starting Wiggum Worker for: invoice-resolver-ai
📍 Project Path: /home/julien/Desktop/Free-Wiggum-opencode/projects/invoice-resolver-ai
⏰ Started at: Sat Mar 21 12:09:13 AM EDT 2026
⚡ Token Budget: 64000
━━━━━━━━━━━━━━━━━━━━━━━━━━━━━━━━════

📍 Iteration 38 at Sat Mar 21 12:09:13 AM EDT 2026...
🤖 OpenCode processing: **Task 4.4:** Implement billing integration with Stripe Billing or Paddle for subscription management. Create plans: Free (5 invoices/month), Pro ($19/mo unlimited), add-ons ($5 legal pack, $3 multi-currency). Webhook to handle subscription updates.
[0m
> build · stepfun/step-3.5-flash:free
[0m
I'll complete Task 4.4: Implement billing integration with Stripe Billing for subscription management.

Let me start by checking the current project structure and understanding what's already in place.
[0m→ [0mRead .agent_role
[0m→ [0mRead TASKS.md
[0m→ [0mRead README.md
Now let me check the existing project structure to understand how to integrate the billing module:
[0m✱ [0mGlob "src/**/*.py"[90m 37 matches[0m
[0m→ [0mRead requirements.txt
Good! I see billing files already exist. Let me check their contents to understand what's been implemented:
[0m→ [0mRead src/billing/stripe_billing.py
[0m→ [0mRead src/billing/schemas.py
[0m→ [0mRead src/api/billing.py
Let me check the billing module initialization and verify the routes are registered in main.py:
[0m→ [0mRead src/billing/__init__.py
[0m→ [0mRead src/main.py
[0m→ [0mRead src/core/config.py
Let me check the .env.example and User model to ensure everything is connected:
[0m→ [0mRead .env.example
[0m→ [0mRead src/models.py[90m [limit=100][0m
Perfect! The billing integration is fully implemented. Let me do a quick check to see if there are any tests for the billing module:
[0m✱ [0mGlob "tests/test_billing*.py"[90m 1 match[0m
